src/components/ui/Button.tsx(37,9): error TS2322: Type 'ReactNode | MotionValueNumber | MotionValueString' is not assignable to type 'ReactNode'.
  Type 'MotionValueNumber' is not assignable to type 'ReactNode'.
